El máximo es <auto,8>
El string <auto> está
El string <gato> está
El string <perro> está
El string <estoy> no está
El máximo es <auto,8>
El máximo es <bici,12>
